
> smb-react@0.0.0 build
> vite build

[36mvite v8.0.0 [32mbuilding client environment for production...[36m[39m
[2K
transforming...Γ£ô 28 modules transformed.
node.exe : [31mΓ£ù[39m Build failed in 171ms
At line:1 char:1
+ & "C:\Program Files\nodejs/node.exe" "C:\Program Files\nodejs/node_mo ...
+ ~~~~~~~~~~~~~~~~~~~~~~~~~~~~~~~~~~~~~~~~~~~~~~~~~~~~~~~~~~~~~~~~~~~~~
    + CategoryInfo          : NotSpecified: ([31mΓ£ù[39m Build failed in 
    171ms:String) [], RemoteException
    + FullyQualifiedErrorId : NativeCommandError
 
[31merror during build:
[31mBuild failed with 1 error:

[plugin vite:css] 
C:/Users/solom/OneDrive/Desktop/SMB/smb-react/src/index.css:undefined:NaN
Error: [postcss] It looks like you're trying to use `tailwindcss` directly 
as a PostCSS plugin. The PostCSS plugin has moved to a separate package, 
so to continue using Tailwind CSS with PostCSS you'll need to install 
`@tailwindcss/postcss` and update your PostCSS configuration.
    at at (C:\Users\solom\OneDrive\Desktop\SMB\smb-react\node_modules\tailw
indcss\dist\lib.js:38:1643)
    at LazyResult.runOnRoot (C:\Users\solom\OneDrive\Desktop\SMB\smb-react\
node_modules\postcss\lib\lazy-result.js:361:16)
    at LazyResult.runAsync (C:\Users\solom\OneDrive\Desktop\SMB\smb-react\n
ode_modules\postcss\lib\lazy-result.js:290:26)
    at LazyResult.async (C:\Users\solom\OneDrive\Desktop\SMB\smb-react\node
_modules\postcss\lib\lazy-result.js:192:30)
    at LazyResult.then (C:\Users\solom\OneDrive\Desktop\SMB\smb-react\node_
modules\postcss\lib\lazy-result.js:436:17)[31m
    at aggregateBindingErrorsIntoJsError (file:///C:/Users/solom/OneDrive/D
esktop/SMB/smb-react/node_modules/rolldown/dist/shared/error-CP8smW_P.mjs:4
8:18)
    at unwrapBindingResult (file:///C:/Users/solom/OneDrive/Desktop/SMB/smb
-react/node_modules/rolldown/dist/shared/error-CP8smW_P.mjs:18:128)
    at #build (file:///C:/Users/solom/OneDrive/Desktop/SMB/smb-react/node_m
odules/rolldown/dist/shared/rolldown-build-4YnQkA76.mjs:3311:34)
    at async buildEnvironment (file:///C:/Users/solom/OneDrive/Desktop/SMB/
smb-react/node_modules/vite/dist/node/chunks/node.js:32794:64)
    at async Object.build (file:///C:/Users/solom/OneDrive/Desktop/SMB/smb-
react/node_modules/vite/dist/node/chunks/node.js:33216:19)
    at async Object.buildApp (file:///C:/Users/solom/OneDrive/Desktop/SMB/s
mb-react/node_modules/vite/dist/node/chunks/node.js:33213:153)
    at async CAC.<anonymous> (file:///C:/Users/solom/OneDrive/Desktop/SMB/s
mb-react/node_modules/vite/dist/node/cli.js:778:3) {
  errors: [Getter/Setter]
}[39m
